2026-05-08T17:28:26	ABCLearning	unlimited_lives_1h	$0.99 → $1.99
2026-05-08T17:28:26	AnimalQuiz	unlimited_lives_1h	$0.99 → $1.99
2026-05-08T17:28:26	AnimalSounds	unlimited_lives_1h	$0.99 → $1.99
2026-05-08T17:28:26	AspectRatio	unlimited_lives_1h	$0.99 → $1.99
2026-05-08T17:28:26	BMICalculator	unlimited_lives_1h	$0.99 → $1.99
2026-05-08T17:28:26	BalloonPop	unlimited_lives_1h	$0.99 → $1.99
2026-05-08T17:28:26	BasicMathKids	unlimited_lives_1h	$0.99 → $1.99
2026-05-08T17:28:26	BibleQuiz	unlimited_lives_1h	$0.99 → $1.99
2026-05-08T17:28:26	Binairo	unlimited_lives_1h	$0.99 → $1.99
2026-05-08T17:28:26	BlockPuzzle	unlimited_lives_1h	$0.99 → $1.99
2026-05-08T17:28:26	BloodPressureLog	unlimited_lives_1h	$0.99 → $1.99
2026-05-08T17:28:26	BloodSugarLog	unlimited_lives_1h	$0.99 → $1.99
2026-05-08T17:28:26	BreathingExercise	unlimited_lives_1h	$0.99 → $1.99
2026-05-08T17:28:26	BrickBreaker	unlimited_lives_1h	$0.99 → $1.99
2026-05-08T17:28:26	BubbleShooter	unlimited_lives_1h	$0.99 → $1.99
2026-05-08T17:28:26	BudgetPlanner	unlimited_lives_1h	$0.99 → $1.99
2026-05-08T17:28:26	CapitalCities	unlimited_lives_1h	$0.99 → $1.99
2026-05-08T17:28:26	CharadesApp	unlimited_lives_1h	$0.99 → $1.99
2026-05-08T17:28:26	ChessClock	unlimited_lives_1h	$0.99 → $1.99
2026-05-08T17:28:26	ChoreChart	unlimited_lives_1h	$0.99 → $1.99
2026-05-08T17:28:26	CocktailGuide	unlimited_lives_1h	$0.99 → $1.99
2026-05-08T17:28:26	CoffeeGuide	unlimited_lives_1h	$0.99 → $1.99
2026-05-08T17:28:26	CompoundInterest	unlimited_lives_1h	$0.99 → $1.99
2026-05-08T17:28:26	Connections	unlimited_lives_1h	$0.99 → $1.99
2026-05-08T17:28:26	CountingApp	unlimited_lives_1h	$0.99 → $1.99
2026-05-08T17:28:26	Cryptogram	unlimited_lives_1h	$0.99 → $1.99
2026-05-08T17:28:26	CurrencyConverter	unlimited_lives_1h	$0.99 → $1.99
2026-05-08T17:28:26	DartsScorer	unlimited_lives_1h	$0.99 → $1.99
2026-05-08T17:28:26	DecisionMaker	unlimited_lives_1h	$0.99 → $1.99
2026-05-08T17:28:26	DiceRoller	unlimited_lives_1h	$0.99 → $1.99
2026-05-08T17:28:26	DinosaurApp	unlimited_lives_1h	$0.99 → $1.99
2026-05-08T17:28:26	DotArt	unlimited_lives_1h	$0.99 → $1.99
2026-05-08T17:28:26	DrumMachine	unlimited_lives_1h	$0.99 → $1.99
2026-05-08T17:28:26	EmojiQuiz	unlimited_lives_1h	$0.99 → $1.99
2026-05-08T17:28:26	EmotionFlash	unlimited_lives_1h	$0.99 → $1.99
2026-05-08T17:28:26	ExpenseTracker	unlimited_lives_1h	$0.99 → $1.99
2026-05-08T17:28:26	EyeRest	unlimited_lives_1h	$0.99 → $1.99
2026-05-08T17:28:26	FastingTimer	unlimited_lives_1h	$0.99 → $1.99
2026-05-08T17:28:26	FindDifference	unlimited_lives_1h	$0.99 → $1.99
2026-05-08T17:28:26	FishingLog	unlimited_lives_1h	$0.99 → $1.99
2026-05-08T17:28:26	FlagQuiz	unlimited_lives_1h	$0.99 → $1.99
2026-05-08T17:28:26	FlashcardMaker	unlimited_lives_1h	$0.99 → $1.99
2026-05-08T17:28:26	FoodQuiz	unlimited_lives_1h	$0.99 → $1.99
2026-05-08T17:28:26	FootballQuiz	unlimited_lives_1h	$0.99 → $1.99
2026-05-08T17:28:26	FruitMerge	unlimited_lives_1h	$0.99 → $1.99
2026-05-08T17:28:26	FruitSort	unlimited_lives_1h	$0.99 → $1.99
2026-05-08T17:28:26	GPACalculator	unlimited_lives_1h	$0.99 → $1.99
2026-05-08T17:28:26	GeneralQuiz	unlimited_lives_1h	$0.99 → $1.99
2026-05-08T17:28:26	GeographyQuiz	unlimited_lives_1h	$0.99 → $1.99
2026-05-08T17:28:26	GolfScorecard	unlimited_lives_1h	$0.99 → $1.99
2026-05-08T17:28:26	GroceryList	unlimited_lives_1h	$0.99 → $1.99
2026-05-08T17:28:26	HabitTracker	unlimited_lives_1h	$0.99 → $1.99
2026-05-08T17:28:26	Hangman	unlimited_lives_1h	$0.99 → $1.99
2026-05-08T17:28:26	HarryPotterFan	unlimited_lives_1h	$0.99 → $1.99
2026-05-08T17:28:26	HeadsUpGame	unlimited_lives_1h	$0.99 → $1.99
2026-05-08T17:28:26	HiddenObject	unlimited_lives_1h	$0.99 → $1.99
2026-05-08T17:28:26	HistoryQuiz	unlimited_lives_1h	$0.99 → $1.99
2026-05-08T17:28:26	IceBreaker	unlimited_lives_1h	$0.99 → $1.99
2026-05-08T17:28:26	JigsawPuzzle	unlimited_lives_1h	$0.99 → $1.99
2026-05-08T17:28:26	KidsColoring	unlimited_lives_1h	$0.99 → $1.99
2026-05-08T17:28:26	KidsDrum	unlimited_lives_1h	$0.99 → $1.99
2026-05-08T17:28:26	KidsPiano	unlimited_lives_1h	$0.99 → $1.99
2026-05-08T17:28:26	KnotPuzzle	unlimited_lives_1h	$0.99 → $1.99
2026-05-08T17:28:26	LoanCalculator	unlimited_lives_1h	$0.99 → $1.99
2026-05-08T17:28:26	LogoQuiz	unlimited_lives_1h	$0.99 → $1.99
2026-05-08T17:28:26	MahjongSolitaire	unlimited_lives_1h	$0.99 → $1.99
2026-05-08T17:28:26	MandalaColor	unlimited_lives_1h	$0.99 → $1.99
2026-05-08T17:28:26	Mastermind	unlimited_lives_1h	$0.99 → $1.99
2026-05-08T17:28:26	MedicationReminder	unlimited_lives_1h	$0.99 → $1.99
2026-05-08T17:28:26	MentalMathQuiz	unlimited_lives_1h	$0.99 → $1.99
2026-05-08T17:28:26	Minesweeper	unlimited_lives_1h	$0.99 → $1.99
2026-05-08T17:28:26	MoodTracker	unlimited_lives_1h	$0.99 → $1.99
2026-05-08T17:28:26	MorseCode	unlimited_lives_1h	$0.99 → $1.99
2026-05-08T17:28:26	MovieTrivia	unlimited_lives_1h	$0.99 → $1.99
2026-05-08T17:28:26	MultiplicationGame	unlimited_lives_1h	$0.99 → $1.99
2026-05-08T17:28:26	Nonogram	unlimited_lives_1h	$0.99 → $1.99
2026-05-08T17:28:26	NumberBase	unlimited_lives_1h	$0.99 → $1.99
2026-05-08T17:28:26	NumberLink	unlimited_lives_1h	$0.99 → $1.99
2026-05-08T17:28:26	NumberMemory	unlimited_lives_1h	$0.99 → $1.99
2026-05-08T17:28:26	NumberTap	unlimited_lives_1h	$0.99 → $1.99
2026-05-08T17:28:26	PackingChecklist	unlimited_lives_1h	$0.99 → $1.99
2026-05-08T17:28:26	PackingList	unlimited_lives_1h	$0.99 → $1.99
2026-05-08T17:28:26	PercentageCalc	unlimited_lives_1h	$0.99 → $1.99
2026-05-08T17:28:26	PeriodTracker	unlimited_lives_1h	$0.99 → $1.99
2026-05-08T17:28:26	PhoneticApp	unlimited_lives_1h	$0.99 → $1.99
2026-05-08T17:28:26	Phrasebook	unlimited_lives_1h	$0.99 → $1.99
2026-05-08T17:28:26	PinPull	unlimited_lives_1h	$0.99 → $1.99
2026-05-08T17:28:26	PipeConnect	unlimited_lives_1h	$0.99 → $1.99
2026-05-08T17:28:26	PixelArt	unlimited_lives_1h	$0.99 → $1.99
2026-05-08T17:28:26	PlantWater	unlimited_lives_1h	$0.99 → $1.99
2026-05-08T17:28:26	PostureReminder	unlimited_lives_1h	$0.99 → $1.99
2026-05-08T17:28:26	PushUpCounter	unlimited_lives_1h	$0.99 → $1.99
2026-05-08T17:28:26	Puzzle2048	unlimited_lives_1h	$0.99 → $1.99
2026-05-08T17:28:26	QRCodeGen	unlimited_lives_1h	$0.99 → $1.99
2026-05-08T17:28:26	QuitSmoking	unlimited_lives_1h	$0.99 → $1.99
2026-05-08T17:28:26	RecipeConverter	unlimited_lives_1h	$0.99 → $1.99
2026-05-08T17:28:26	RomanNumeralConverter	unlimited_lives_1h	$0.99 → $1.99
2026-05-08T17:28:26	SalaryCalculator	unlimited_lives_1h	$0.99 → $1.99
2026-05-08T17:28:26	SavingsGoal	unlimited_lives_1h	$0.99 → $1.99
2026-05-08T17:28:26	ScienceQuiz	unlimited_lives_1h	$0.99 → $1.99
2026-05-08T17:28:26	ScientificCalc	unlimited_lives_1h	$0.99 → $1.99
2026-05-08T17:28:26	ScoreTracker	unlimited_lives_1h	$0.99 → $1.99
2026-05-08T17:28:26	ScrewPuzzle	unlimited_lives_1h	$0.99 → $1.99
2026-05-08T17:28:26	ShapesColors	unlimited_lives_1h	$0.99 → $1.99
2026-05-08T17:28:26	SleepTracker	unlimited_lives_1h	$0.99 → $1.99
2026-05-08T17:28:26	SlidingTiles	unlimited_lives_1h	$0.99 → $1.99
2026-05-08T17:28:26	SnakeGame	unlimited_lives_1h	$0.99 → $1.99
2026-05-08T17:28:26	SobrietyCounter	unlimited_lives_1h	$0.99 → $1.99
2026-05-08T17:28:26	Sokoban	unlimited_lives_1h	$0.99 → $1.99
2026-05-08T17:28:26	SolarSystem	unlimited_lives_1h	$0.99 → $1.99
2026-05-08T17:28:26	Solitaire	unlimited_lives_1h	$0.99 → $1.99
2026-05-08T17:28:26	SoundBoard	unlimited_lives_1h	$0.99 → $1.99
2026-05-08T17:28:26	SpellingBee	unlimited_lives_1h	$0.99 → $1.99
2026-05-08T17:28:26	SpinBottle	unlimited_lives_1h	$0.99 → $1.99
2026-05-08T17:28:26	SportsQuiz	unlimited_lives_1h	$0.99 → $1.99
2026-05-08T17:28:26	StepCounter	unlimited_lives_1h	$0.99 → $1.99
2026-05-08T17:28:26	Sudoku	unlimited_lives_1h	$0.99 → $1.99
2026-05-08T17:28:26	Sumplete	unlimited_lives_1h	$0.99 → $1.99
2026-05-08T17:28:26	TapColor	unlimited_lives_1h	$0.99 → $1.99
2026-05-08T17:28:26	TetrisGame	unlimited_lives_1h	$0.99 → $1.99
2026-05-08T17:28:26	TextCase	unlimited_lives_1h	$0.99 → $1.99
2026-05-08T17:28:26	ThisOrThat	unlimited_lives_1h	$0.99 → $1.99
2026-05-08T17:28:26	TimesTable	unlimited_lives_1h	$0.99 → $1.99
2026-05-08T17:28:26	TimezoneConverter	unlimited_lives_1h	$0.99 → $1.99
2026-05-08T17:28:26	TipCalculator	unlimited_lives_1h	$0.99 → $1.99
2026-05-08T17:28:26	TrueOrFalse	unlimited_lives_1h	$0.99 → $1.99
2026-05-08T17:28:26	TruthOrDare	unlimited_lives_1h	$0.99 → $1.99
2026-05-08T17:28:26	TwoTruthsOneLie	unlimited_lives_1h	$0.99 → $1.99
2026-05-08T17:28:26	UnblockPuzzle	unlimited_lives_1h	$0.99 → $1.99
2026-05-08T17:28:26	UnitConverter	unlimited_lives_1h	$0.99 → $1.99
2026-05-08T17:28:26	VATCalculator	unlimited_lives_1h	$0.99 → $1.99
2026-05-08T17:28:26	WaterReminder	unlimited_lives_1h	$0.99 → $1.99
2026-05-08T17:28:26	WaterSortPuzzle	unlimited_lives_1h	$0.99 → $1.99
2026-05-08T17:28:26	WaterSortPuzzle	unlimited_undos	$3.99 → $4.99
2026-05-08T17:28:26	WhackaMole	unlimited_lives_1h	$0.99 → $1.99
2026-05-08T17:28:26	WhiteNoise	unlimited_lives_1h	$0.99 → $1.99
2026-05-08T17:28:26	WordConnect	unlimited_lives_1h	$0.99 → $1.99
2026-05-08T17:28:26	WordLadder	unlimited_lives_1h	$0.99 → $1.99
2026-05-08T17:28:26	WordleClone	unlimited_lives_1h	$0.99 → $1.99
2026-05-08T17:28:26	WorkoutLog	unlimited_lives_1h	$0.99 → $1.99
2026-05-08T17:28:26	WouldYouRather	unlimited_lives_1h	$0.99 → $1.99
2026-05-08T17:28:26	YarnSort	unlimited_lives_1h	$0.99 → $1.99
2026-05-08T17:28:26	ZenGarden	unlimited_lives_1h	$0.99 → $1.99
